Component: ARM Compiler 5.05 update 1 (build 106) Tool: armlink [4d0efa]

==============================================================================

Section Cross References

    main.o(.text) refers to _printf_pad.o(.text) for _printf_pre_padding
    main.o(.text) refers to _printf_percent.o(.ARM.Collect$$_printf_percent$$00000000) for _printf_percent
    main.o(.text) refers to _printf_d.o(.ARM.Collect$$_printf_percent$$00000009) for _printf_d
    main.o(.text) refers to _printf_dec.o(.text) for _printf_int_dec
    main.o(.text) refers to stm32f4xx_iwdg.o(.text) for IWDG_WriteAccessCmd
    main.o(.text) refers to fattester.o(.text) for mf_open
    main.o(.text) refers to store.o(.text) for StoreRunPara
    main.o(.text) refers to mx25l1602drv.o(.text) for MX25L1602_RD
    main.o(.text) refers to timer.o(.text) for GetSysBaseTick
    main.o(.text) refers to led.o(.text) for BSP_LED_Toggle
    main.o(.text) refers to judgepulse.o(.text) for GetchPulseInitFlg
    main.o(.text) refers to diskio.o(.text) for disk_initialize
    main.o(.text) refers to usart.o(.text) for printfcom1
    main.o(.text) refers to rt_memclr_w.o(.text) for __aeabi_memclr4
    main.o(.text) refers to strcat.o(.text) for strcat
    main.o(.text) refers to ds3231.o(.text) for ReadTime
    main.o(.text) refers to __2sprintf.o(.text) for __2sprintf
    main.o(.text) refers to delay.o(.text) for delay_ms
    main.o(.text) refers to usb_hcd.o(.text) for HCD_IsDeviceConnected
    main.o(.text) refers to misc.o(.text) for NVIC_PriorityGroupConfig
    main.o(.text) refers to fram.o(.text) for InitFramIO
    main.o(.text) refers to exti.o(.text) for EXTIX_Init
    main.o(.text) refers to key.o(.text) for Set_Key_Init
    main.o(.text) refers to malloc.o(.text) for my_mem_init
    main.o(.text) refers to exfuns.o(.text) for exfuns_init
    main.o(.text) refers to usbh_core.o(.text) for USBH_Init
    main.o(.text) refers to ff.o(.text) for f_mount
    main.o(.text) refers to sys.o(.emb_text) for INTX_DISABLE
    main.o(.text) refers to uartcon.o(.text) for UartSendRec
    main.o(.text) refers to sensorpulse.o(.bss) for gs_runpara
    main.o(.text) refers to main.o(.data) for g_usbuserflg
    main.o(.text) refers to main.o(.bss) for USB_OTG_Core
    main.o(.text) refers to usbh_usr.o(.data) for USR_Callbacks
    main.o(.text) refers to usbh_msc_core.o(.data) for USBH_MSC_cb
    main.o(.text) refers to exfuns.o(.bss) for fs
    system_stm32f4xx.o(.text) refers to system_stm32f4xx.o(.data) for SystemCoreClock
    led.o(.text) refers to _printf_percent.o(.ARM.Collect$$_printf_percent$$00000000) for _printf_percent
    led.o(.text) refers to _printf_d.o(.ARM.Collect$$_printf_percent$$00000009) for _printf_d
    led.o(.text) refers to _printf_dec.o(.text) for _printf_int_dec
    led.o(.text) refers to stm32f4xx_rcc.o(.text) for RCC_AHB1PeriphClockCmd
    led.o(.text) refers to stm32f4xx_gpio.o(.text) for GPIO_Init
    led.o(.text) refers to timer.o(.data) for g_time3cnt
    led.o(.text) refers to led.o(.data) for systime
    led.o(.text) refers to sensorpulse.o(.bss) for gs_pulsech
    led.o(.text) refers to fram.o(.text) for ReadFM24CL64
    led.o(.text) refers to crccheck.o(.text) for GetCrc16Check
    led.o(.text) refers to __2printf.o(.text) for __2printf
    led.o(.text) refers to judgepulse.o(.data) for gs_selch
    lcd.o(.text) refers to _printf_percent.o(.ARM.Collect$$_printf_percent$$00000000) for _printf_percent
    lcd.o(.text) refers to _printf_x.o(.ARM.Collect$$_printf_percent$$0000000C) for _printf_x
    lcd.o(.text) refers to _printf_hex_int_ll_ptr.o(.text) for _printf_longlong_hex
    lcd.o(.text) refers to delay.o(.text) for delay_us
    lcd.o(.text) refers to lcd.o(.bss) for lcddev
    lcd.o(.text) refers to lcd.o(.data) for POINT_COLOR
    lcd.o(.text) refers to dflt_clz.o(x$fpl$dfltu) for __aeabi_ui2d
    lcd.o(.text) refers to dmul.o(x$fpl$dmul) for __aeabi_dmul
    lcd.o(.text) refers to dfixu.o(x$fpl$dfixu) for __aeabi_d2uiz
    lcd.o(.text) refers to stm32f4xx_rcc.o(.text) for RCC_AHB1PeriphClockCmd
    lcd.o(.text) refers to stm32f4xx_gpio.o(.text) for GPIO_Init
    lcd.o(.text) refers to stm32f4xx_fsmc.o(.text) for FSMC_NORSRAMInit
    lcd.o(.text) refers to __2printf.o(.text) for __2printf
    lcd.o(.text) refers to lcd.o(.constdata) for asc2_1206
    key.o(.text) refers to _printf_percent.o(.ARM.Collect$$_printf_percent$$00000000) for _printf_percent
    key.o(.text) refers to _printf_d.o(.ARM.Collect$$_printf_percent$$00000009) for _printf_d
    key.o(.text) refers to _printf_dec.o(.text) for _printf_int_dec
    key.o(.text) refers to stm32f4xx_rcc.o(.text) for RCC_AHB1PeriphClockCmd
    key.o(.text) refers to stm32f4xx_gpio.o(.text) for GPIO_Init
    key.o(.text) refers to delay.o(.text) for delay_ms
    key.o(.text) refers to timer.o(.text) for GetSysBaseTick
    key.o(.text) refers to __2printf.o(.text) for __2printf
    key.o(.text) refers to store.o(.text) for PrintfRecord
[...]
    TIM_OC4PolarityConfig                    0x0801bd83   Thumb Code    26  stm32f4xx_tim.o(.text)
    TIM_CCxCmd                               0x0801bd9d   Thumb Code    30  stm32f4xx_tim.o(.text)
    TIM_CCxNCmd                              0x0801bdbb   Thumb Code    30  stm32f4xx_tim.o(.text)
    TIM_SetIC4Prescaler                      0x0801bdd9   Thumb Code    26  stm32f4xx_tim.o(.text)
    TIM_SetIC3Prescaler                      0x0801be43   Thumb Code    18  stm32f4xx_tim.o(.text)
    TIM_SetIC2Prescaler                      0x0801be9d   Thumb Code    26  stm32f4xx_tim.o(.text)
    TIM_SetIC1Prescaler                      0x0801bf11   Thumb Code    18  stm32f4xx_tim.o(.text)
    TIM_ICInit                               0x0801bf5d   Thumb Code   110  stm32f4xx_tim.o(.text)
    TIM_ICStructInit                         0x0801bfcb   Thumb Code    18  stm32f4xx_tim.o(.text)
    TIM_PWMIConfig                           0x0801bfdd   Thumb Code   124  stm32f4xx_tim.o(.text)
    TIM_GetCapture1                          0x0801c059   Thumb Code     6  stm32f4xx_tim.o(.text)
    TIM_GetCapture2                          0x0801c05f   Thumb Code     6  stm32f4xx_tim.o(.text)
    TIM_GetCapture3                          0x0801c065   Thumb Code     6  stm32f4xx_tim.o(.text)
    TIM_GetCapture4                          0x0801c06b   Thumb Code     6  stm32f4xx_tim.o(.text)
    TIM_BDTRConfig                           0x0801c071   Thumb Code    32  stm32f4xx_tim.o(.text)
    TIM_BDTRStructInit                       0x0801c091   Thumb Code    18  stm32f4xx_tim.o(.text)
    TIM_CtrlPWMOutputs                       0x0801c0a3   Thumb Code    30  stm32f4xx_tim.o(.text)
    TIM_SelectCOM                            0x0801c0c1   Thumb Code    24  stm32f4xx_tim.o(.text)
    TIM_CCPreloadControl                     0x0801c0d9   Thumb Code    24  stm32f4xx_tim.o(.text)
    TIM_ITConfig                             0x0801c0f1   Thumb Code    18  stm32f4xx_tim.o(.text)
    TIM_GenerateEvent                        0x0801c103   Thumb Code     4  stm32f4xx_tim.o(.text)
    TIM_GetFlagStatus                        0x0801c107   Thumb Code    18  stm32f4xx_tim.o(.text)
    TIM_ClearFlag                            0x0801c119   Thumb Code     6  stm32f4xx_tim.o(.text)
    TIM_GetITStatus                          0x0801c11f   Thumb Code    34  stm32f4xx_tim.o(.text)
    TIM_ClearITPendingBit                    0x0801c141   Thumb Code     6  stm32f4xx_tim.o(.text)
    TIM_DMAConfig                            0x0801c147   Thumb Code    10  stm32f4xx_tim.o(.text)
    TIM_DMACmd                               0x0801c151   Thumb Code    18  stm32f4xx_tim.o(.text)
    TIM_SelectCCDMA                          0x0801c163   Thumb Code    24  stm32f4xx_tim.o(.text)
    TIM_InternalClockConfig                  0x0801c17b   Thumb Code    12  stm32f4xx_tim.o(.text)
    TIM_SelectInputTrigger                   0x0801c187   Thumb Code    18  stm32f4xx_tim.o(.text)
    TIM_ITRxExternalClockConfig              0x0801c199   Thumb Code    24  stm32f4xx_tim.o(.text)
    TIM_TIxExternalClockConfig               0x0801c1b1   Thumb Code    62  stm32f4xx_tim.o(.text)
    TIM_ETRConfig                            0x0801c1ef   Thumb Code    28  stm32f4xx_tim.o(.text)
    TIM_ETRClockMode1Config                  0x0801c20b   Thumb Code    54  stm32f4xx_tim.o(.text)
    TIM_ETRClockMode2Config                  0x0801c241   Thumb Code    32  stm32f4xx_tim.o(.text)
    TIM_SelectOutputTrigger                  0x0801c261   Thumb Code    18  stm32f4xx_tim.o(.text)
    TIM_SelectSlaveMode                      0x0801c273   Thumb Code    18  stm32f4xx_tim.o(.text)
    TIM_SelectMasterSlaveMode                0x0801c285   Thumb Code    18  stm32f4xx_tim.o(.text)
    TIM_EncoderInterfaceConfig               0x0801c297   Thumb Code    66  stm32f4xx_tim.o(.text)
    TIM_SelectHallSensor                     0x0801c2d9   Thumb Code    24  stm32f4xx_tim.o(.text)
    TIM_RemapConfig                          0x0801c2f1   Thumb Code     6  stm32f4xx_tim.o(.text)
    EXTI_DeInit                              0x0801c2f9   Thumb Code    28  stm32f4xx_exti.o(.text)
    EXTI_Init                                0x0801c315   Thumb Code   142  stm32f4xx_exti.o(.text)
    EXTI_StructInit                          0x0801c3a3   Thumb Code    16  stm32f4xx_exti.o(.text)
    EXTI_GenerateSWInterrupt                 0x0801c3b3   Thumb Code    16  stm32f4xx_exti.o(.text)
    EXTI_GetFlagStatus                       0x0801c3c3   Thumb Code    22  stm32f4xx_exti.o(.text)
    EXTI_ClearFlag                           0x0801c3d9   Thumb Code     8  stm32f4xx_exti.o(.text)
    EXTI_GetITStatus                         0x0801c3e1   Thumb Code    22  stm32f4xx_exti.o(.text)
    EXTI_ClearITPendingBit                   0x0801c3f7   Thumb Code     8  stm32f4xx_exti.o(.text)
    IWDG_WriteAccessCmd                      0x0801c409   Thumb Code     6  stm32f4xx_iwdg.o(.text)
    IWDG_SetPrescaler                        0x0801c40f   Thumb Code     6  stm32f4xx_iwdg.o(.text)
    IWDG_SetReload                           0x0801c415   Thumb Code     6  stm32f4xx_iwdg.o(.text)
    IWDG_ReloadCounter                       0x0801c41b   Thumb Code    10  stm32f4xx_iwdg.o(.text)
    IWDG_Enable                              0x0801c425   Thumb Code    10  stm32f4xx_iwdg.o(.text)
    IWDG_GetFlagStatus                       0x0801c42f   Thumb Code    20  stm32f4xx_iwdg.o(.text)
    W25QXX_ReadID                            0x0801c449   Thumb Code    64  w25qxx.o(.text)
    W25QXX_Init                              0x0801c489   Thumb Code   102  w25qxx.o(.text)
    W25QXX_ReadSR                            0x0801c4ef   Thumb Code    36  w25qxx.o(.text)
    W25QXX_Write_SR                          0x0801c513   Thumb Code    32  w25qxx.o(.text)
    W25QXX_Write_Enable                      0x0801c533   Thumb Code    24  w25qxx.o(.text)
    W25QXX_Write_Disable                     0x0801c54b   Thumb Code    24  w25qxx.o(.text)
    W25QXX_Read                              0x0801c563   Thumb Code    74  w25qxx.o(.text)
    W25QXX_Wait_Busy                         0x0801c5ad   Thumb Code    18  w25qxx.o(.text)
    W25QXX_Write_Page                        0x0801c5bf   Thumb Code    80  w25qxx.o(.text)
    W25QXX_Write_NoCheck                     0x0801c60f   Thumb Code    70  w25qxx.o(.text)
    W25QXX_Erase_Sector                      0x0801c655   Thumb Code    70  w25qxx.o(.text)
    W25QXX_Write                             0x0801c69b   Thumb Code   180  w25qxx.o(.text)
    W25QXX_Erase_Chip                        0x0801c74f   Thumb Code    36  w25qxx.o(.text)
    W25QXX_PowerDown                         0x0801c773   Thumb Code    30  w25qxx.o(.text)
    W25QXX_WAKEUP                            0x0801c791   Thumb Code    30  w25qxx.o(.text)
    mymemcpy                                 0x0801c7d1   Thumb Code    26  malloc.o(.text)
    mymemset                                 0x0801c7eb   Thumb Code    20  malloc.o(.text)
    my_mem_init                              0x0801c7ff   Thumb Code    54  malloc.o(.text)
    my_mem_perused                           0x0801c835   Thumb Code    54  malloc.o(.text)
    my_mem_malloc                            0x0801c86b   Thumb Code   154  malloc.o(.text)
    my_mem_free                              0x0801c905   Thumb Code    94  malloc.o(.text)
    myfree                                   0x0801c963   Thumb Code    32  malloc.o(.text)
    mymalloc                                 0x0801c983   Thumb Code    36  malloc.o(.text)
    myrealloc                                0x0801c9a7   Thumb Code    68  malloc.o(.text)
    usmart_sys_cmd_exe                       0x0801c9fd   Thumb Code  1554  usmart.o(.text)
    usmart_reset_runtime                     0x0801d00f   Thumb Code    38  usmart.o(.text)
    usmart_get_runtime                       0x0801d035   Thumb Code    60  usmart.o(.text)
    TIM4_IRQHandler                          0x0801d071   Thumb Code    46  usmart.o(.text)
    Timer4_Init                              0x0801d09f   Thumb Code    86  usmart.o(.text)
    usmart_init                              0x0801d0f5   Thumb Code    36  usmart.o(.text)
    usmart_cmd_rec                           0x0801d119   Thumb Code   170  usmart.o(.text)
    usmart_exe                               0x0801d1c3   Thumb Code   868  usmart.o(.text)
    usmart_scan                              0x0801d527   Thumb Code   120  usmart.o(.text)
    read_addr                                0x0801d59f   Thumb Code     6  usmart.o(.text)
    write_addr                               0x0801d5a5   Thumb Code     4  usmart.o(.text)
    usmart_strcmp                            0x0801d631   Thumb Code    34  usmart_str.o(.text)
    usmart_strcopy                           0x0801d653   Thumb Code    22  usmart_str.o(.text)
    usmart_strlen                            0x0801d669   Thumb Code    24  usmart_str.o(.text)
    usmart_pow                               0x0801d681   Thumb Code    22  usmart_str.o(.text)
    usmart_str2num                           0x0801d697   Thumb Code   202  usmart_str.o(.text)
    usmart_get_cmdname                       0x0801d761   Thumb Code    54  usmart_str.o(.text)
    usmart_search_nextc                      0x0801d797   Thumb Code    22  usmart_str.o(.text)
    usmart_get_fname                         0x0801d7ad   Thumb Code   440  usmart_str.o(.text)
    usmart_get_aparm                         0x0801d965   Thumb Code   200  usmart_str.o(.text)
    usmart_get_parmpos                       0x0801da2d   Thumb Code    26  usmart_str.o(.text)
    usmart_get_fparam                        0x0801da47   Thumb Code   262  usmart_str.o(.text)
    disk_initialize                          0x0801db59   Thumb Code    70  diskio.o(.text)
    disk_status                              0x0801db9f   Thumb Code     6  diskio.o(.text)
    disk_read                                0x0801dba5   Thumb Code   140  diskio.o(.text)
    disk_write                               0x0801dc31   Thumb Code   140  diskio.o(.text)
    disk_ioctl                               0x0801dcbd   Thumb Code   240  diskio.o(.text)
    get_fattime                              0x0801ddad   Thumb Code     4  diskio.o(.text)
    ff_memalloc                              0x0801ddb1   Thumb Code    14  diskio.o(.text)
    ff_memfree                               0x0801ddbf   Thumb Code    14  diskio.o(.text)
    clust2sect                               0x0801df87   Thumb Code    26  ff.o(.text)
    get_fat                                  0x0801dfa1   Thumb Code   232  ff.o(.text)
    put_fat                                  0x0801e089   Thumb Code   310  ff.o(.text)
    dir_sdi                                  0x0801e333   Thumb Code   158  ff.o(.text)
    f_mount                                  0x0801f3a5   Thumb Code    86  ff.o(.text)
    f_open                                   0x0801f3fb   Thumb Code   384  ff.o(.text)
    f_read                                   0x0801f57b   Thumb Code   448  ff.o(.text)
    f_write                                  0x0801f73b   Thumb Code   490  ff.o(.text)
    f_sync                                   0x0801f925   Thumb Code   176  ff.o(.text)
    f_close                                  0x0801f9d5   Thumb Code    36  ff.o(.text)
    f_lseek                                  0x0801f9f9   Thumb Code   654  ff.o(.text)
    f_opendir                                0x0801fc87   Thumb Code   136  ff.o(.text)
    f_closedir                               0x0801fd0f   Thumb Code    22  ff.o(.text)
    f_readdir                                0x0801fd25   Thumb Code   114  ff.o(.text)
    f_stat                                   0x0801fd97   Thumb Code    84  ff.o(.text)
    f_getfree                                0x0801fdeb   Thumb Code   258  ff.o(.text)
    f_truncate                               0x0801feed   Thumb Code   184  ff.o(.text)
    f_unlink                                 0x0801ffa5   Thumb Code   194  ff.o(.text)
    f_mkdir                                  0x08020067   Thumb Code   380  ff.o(.text)
    f_chmod                                  0x080201e3   Thumb Code   112  ff.o(.text)
    f_utime                                  0x08020253   Thumb Code   110  ff.o(.text)
    f_rename                                 0x080202c1   Thumb Code   314  ff.o(.text)
    f_getlabel                               0x080203fb   Thumb Code   190  ff.o(.text)
    f_setlabel                               0x080204b9   Thumb Code   470  ff.o(.text)
    f_mkfs                                   0x0802068f   Thumb Code  1570  ff.o(.text)
    f_gets                                   0x08020cb1   Thumb Code    82  ff.o(.text)
    f_putc                                   0x08020d47   Thumb Code    64  ff.o(.text)
    f_puts                                   0x08020d87   Thumb Code    74  ff.o(.text)
    f_printf                                 0x08020dd1   Thumb Code   674  ff.o(.text)
    exfuns_init                              0x08021075   Thumb Code   114  exfuns.o(.text)
    char_upper                               0x080210e7   Thumb Code    26  exfuns.o(.text)
    f_typetell                               0x08021101   Thumb Code   172  exfuns.o(.text)
    exf_getfree                              0x080211ad   Thumb Code    74  exfuns.o(.text)
    mf_mount                                 0x0802120d   Thumb Code    20  fattester.o(.text)
    mf_open                                  0x08021221   Thumb Code    24  fattester.o(.text)
    mf_close                                 0x08021239   Thumb Code    14  fattester.o(.text)
    mf_read                                  0x08021247   Thumb Code   224  fattester.o(.text)
    mf_write                                 0x08021327   Thumb Code    36  fattester.o(.text)
    mf_opendir                               0x0802134b   Thumb Code    14  fattester.o(.text)
    mf_closedir                              0x08021359   Thumb Code    10  fattester.o(.text)
    mf_readdir                               0x08021363   Thumb Code   204  fattester.o(.text)
    mf_scan_files                            0x0802142f   Thumb Code   120  fattester.o(.text)
    mf_showfree                              0x080214a7   Thumb Code    88  fattester.o(.text)
    mf_lseek                                 0x080214ff   Thumb Code    16  fattester.o(.text)
    mf_tell                                  0x0802150f   Thumb Code     8  fattester.o(.text)
    mf_size                                  0x08021517   Thumb Code     8  fattester.o(.text)
    mf_mkdir                                 0x0802151f   Thumb Code    12  fattester.o(.text)
    mf_fmkfs                                 0x0802152b   Thumb Code    20  fattester.o(.text)
    mf_unlink                                0x0802153f   Thumb Code    12  fattester.o(.text)
    mf_rename                                0x0802154b   Thumb Code    16  fattester.o(.text)
    mf_getlabel                              0x0802155b   Thumb Code    58  fattester.o(.text)
    mf_setlabel                              0x08021595   Thumb Code    34  fattester.o(.text)
    mf_gets                                  0x080215b7   Thumb Code    38  fattester.o(.text)
    mf_putc                                  0x080215dd   Thumb Code   616  fattester.o(.text)
    mf_puts                                  0x08021845   Thumb Code    18  fattester.o(.text)
    ff_convert                               0x0802185d   Thumb Code   146  mycc936.o(.text)
    ff_wtoupper                              0x080218ef   Thumb Code    46  mycc936.o(.text)
    stdbmp_decode                            0x08021929   Thumb Code   712  bmp.o(.text)
    minibmp_decode                           0x08021bf1   Thumb Code   932  bmp.o(.text)
    bmp_encode                               0x08021f95   Thumb Code   486  bmp.o(.text)
    gif_check_head                           0x08022189   Thumb Code    88  gif.o(.text)
    gif_getrgb565                            0x080221e1   Thumb Code    28  gif.o(.text)
    gif_readcolortbl                         0x080221fd   Thumb Code    64  gif.o(.text)
    gif_getinfo                              0x0802223d   Thumb Code    70  gif.o(.text)
    gif_savegctbl                            0x08022283   Thumb Code    38  gif.o(.text)
    gif_recovergctbl                         0x080222a9   Thumb Code    38  gif.o(.text)
    gif_initlzw                              0x080222cf   Thumb Code   152  gif.o(.text)
    gif_getdatablock                         0x08022367   Thumb Code    96  gif.o(.text)
    gif_readextension                        0x080223c7   Thumb Code   160  gif.o(.text)
    gif_getnextcode                          0x08022467   Thumb Code   452  gif.o(.text)
    gif_getnextbyte                          0x0802262b   Thumb Code   856  gif.o(.text)
    gif_dispimage                            0x08022983   Thumb Code   544  gif.o(.text)
    gif_clear2bkcolor                        0x08022ba3   Thumb Code   496  gif.o(.text)
    gif_drawimage                            0x08022d93   Thumb Code   352  gif.o(.text)
    gif_quit                                 0x08022ef3   Thumb Code     8  gif.o(.text)
    gif_decode                               0x08022efb   Thumb Code   296  gif.o(.text)
    piclib_draw_hline                        0x08023029   Thumb Code    52  piclib.o(.text)
    piclib_fill_color                        0x0802305d   Thumb Code    44  piclib.o(.text)
    piclib_init                              0x08023089   Thumb Code    62  piclib.o(.text)
    piclib_alpha_blend                       0x080230c7   Thumb Code    42  piclib.o(.text)
    ai_draw_init                             0x080230f1   Thumb Code   216  piclib.o(.text)
    is_element_ok                            0x080231c9   Thumb Code    36  piclib.o(.text)
    ai_load_picfile                          0x080231ed   Thumb Code   194  piclib.o(.text)
    pic_memalloc                             0x080232af   Thumb Code    14  piclib.o(.text)
    pic_memfree                              0x080232bd   Thumb Code    14  piclib.o(.text)
    jd_prepare                               0x08023e8d   Thumb Code   924  tjpgd.o(.text)
    jd_decomp                                0x08024229   Thumb Code   162  tjpgd.o(.text)
    jpeg_mallocall                           0x080242cb   Thumb Code    70  tjpgd.o(.text)
    jpeg_freeall                             0x08024311   Thumb Code    28  tjpgd.o(.text)
    jpeg_in_func                             0x0802432d   Thumb Code    48  tjpgd.o(.text)
    jpeg_out_func_fill                       0x0802435d   Thumb Code    74  tjpgd.o(.text)
    jpeg_out_func_point                      0x080243a7   Thumb Code   182  tjpgd.o(.text)
    jpg_decode                               0x0802445d   Thumb Code   234  tjpgd.o(.text)
    USB_OTG_WritePacket                      0x080245fd   Thumb Code    64  usb_core.o(.text)
    USB_OTG_ReadPacket                       0x0802463d   Thumb Code    40  usb_core.o(.text)
    USB_OTG_SelectCore                       0x08024665   Thumb Code   204  usb_core.o(.text)
    USB_OTG_CoreInit                         0x08024731   Thumb Code   294  usb_core.o(.text)
    USB_OTG_EnableGlobalInt                  0x08024857   Thumb Code    34  usb_core.o(.text)
    USB_OTG_DisableGlobalInt                 0x08024879   Thumb Code    34  usb_core.o(.text)
    USB_OTG_FlushTxFifo                      0x0802489b   Thumb Code    80  usb_core.o(.text)
    USB_OTG_FlushRxFifo                      0x080248eb   Thumb Code    70  usb_core.o(.text)
    USB_OTG_SetCurrentMode                   0x08024931   Thumb Code    78  usb_core.o(.text)
    USB_OTG_GetMode                          0x0802497f   Thumb Code    22  usb_core.o(.text)
    USB_OTG_IsDeviceMode                     0x08024995   Thumb Code    22  usb_core.o(.text)
    USB_OTG_IsHostMode                       0x080249ab   Thumb Code    20  usb_core.o(.text)
    USB_OTG_ReadCoreItr                      0x080249bf   Thumb Code    16  usb_core.o(.text)
    USB_OTG_ReadOtgItr                       0x080249cf   Thumb Code     8  usb_core.o(.text)
    USB_OTG_EnableHostInt                    0x080249d7   Thumb Code   116  usb_core.o(.text)
    USB_OTG_ReadHPRT0                        0x08024a4b   Thumb Code    48  usb_core.o(.text)
    USB_OTG_DriveVbus                        0x08024a7b   Thumb Code    92  usb_core.o(.text)
    USB_OTG_ResetPort                        0x08024ad7   Thumb Code    64  usb_core.o(.text)
    USB_OTG_InitFSLSPClkSel                  0x08024b17   Thumb Code    24  usb_core.o(.text)
    USB_OTG_CoreInitHost                     0x08024b2f   Thumb Code   214  usb_core.o(.text)
    USB_OTG_IsEvenFrame                      0x08024c05   Thumb Code    16  usb_core.o(.text)
    USB_OTG_ReadHostAllChannels_intr         0x08024c15   Thumb Code     8  usb_core.o(.text)
    USB_OTG_HC_Init                          0x08024c1d   Thumb Code   568  usb_core.o(.text)
    USB_OTG_HC_StartXfer                     0x08024e55   Thumb Code   502  usb_core.o(.text)
    USB_OTG_HC_Halt                          0x0802504b   Thumb Code   130  usb_core.o(.text)
    USB_OTG_HC_DoPing                        0x080250cd   Thumb Code    90  usb_core.o(.text)
    USB_OTG_StopHost                         0x08025127   Thumb Code    96  usb_core.o(.text)
    HCD_Init                                 0x08025187   Thumb Code    96  usb_hcd.o(.text)
    HCD_GetCurrentSpeed                      0x080251e7   Thumb Code    20  usb_hcd.o(.text)
    HCD_ResetPort                            0x080251fb   Thumb Code    14  usb_hcd.o(.text)
    HCD_IsDeviceConnected                    0x08025209   Thumb Code     8  usb_hcd.o(.text)
    HCD_GetCurrentFrame                      0x08025211   Thumb Code    10  usb_hcd.o(.text)
    HCD_GetURB_State                         0x0802521b   Thumb Code    10  usb_hcd.o(.text)
    HCD_GetXferCnt                           0x08025225   Thumb Code    12  usb_hcd.o(.text)
    HCD_GetHCState                           0x08025231   Thumb Code    10  usb_hcd.o(.text)
    HCD_HC_Init                              0x0802523b   Thumb Code    16  usb_hcd.o(.text)
    HCD_SubmitRequest                        0x0802524b   Thumb Code    32  usb_hcd.o(.text)
    USBH_OTG_ISR_Handler                     0x08026033   Thumb Code   168  usb_hcd_int.o(.text)
    USBH_Connected                           0x080260e1   Thumb Code    12  usbh_core.o(.text)
    USBH_Disconnected                        0x080260ed   Thumb Code    12  usbh_core.o(.text)
    USBH_SOF                                 0x080260f9   Thumb Code     6  usbh_core.o(.text)
    USBH_DeInit                              0x080260ff   Thumb Code    58  usbh_core.o(.text)
    USBH_Init                                0x08026139   Thumb Code    70  usbh_core.o(.text)
    USBH_HandleControl                       0x0802617f   Thumb Code   544  usbh_core.o(.text)
    USBH_ErrorHandle                         0x0802639f   Thumb Code    46  usbh_core.o(.text)
    USBH_Process                             0x080265a5   Thumb Code   428  usbh_core.o(.text)
    USBH_Open_Channel                        0x08026751   Thumb Code   154  usbh_hcs.o(.text)
    USBH_Modify_Channel                      0x080267eb   Thumb Code   100  usbh_hcs.o(.text)
    USBH_Alloc_Channel                       0x08026877   Thumb Code    38  usbh_hcs.o(.text)
    USBH_Free_Channel                        0x0802689d   Thumb Code    30  usbh_hcs.o(.text)
    USBH_DeAllocate_AllChannel               0x080268bb   Thumb Code    28  usbh_hcs.o(.text)
    USBH_CtlReq                              0x080268ef   Thumb Code   100  usbh_ioreq.o(.text)
    USBH_CtlSendSetup                        0x08026953   Thumb Code    66  usbh_ioreq.o(.text)
    USBH_CtlSendData                         0x08026995   Thumb Code   110  usbh_ioreq.o(.text)
    USBH_CtlReceiveData                      0x08026a03   Thumb Code    70  usbh_ioreq.o(.text)
    USBH_BulkSendData                        0x08026a49   Thumb Code    94  usbh_ioreq.o(.text)
    USBH_BulkReceiveData                     0x08026aa7   Thumb Code    96  usbh_ioreq.o(.text)
    USBH_InterruptReceiveData                0x08026b07   Thumb Code   120  usbh_ioreq.o(.text)
    USBH_InterruptSendData                   0x08026b7f   Thumb Code   118  usbh_ioreq.o(.text)
    USBH_IsocReceiveData                     0x08026bf5   Thumb Code    70  usbh_ioreq.o(.text)
    USBH_IsocSendData                        0x08026c3b   Thumb Code    68  usbh_ioreq.o(.text)
    USBH_GetDescriptor                       0x08026cd9   Thumb Code    68  usbh_stdreq.o(.text)
    USBH_Get_DevDesc                         0x08026d1d   Thumb Code    56  usbh_stdreq.o(.text)
    USBH_GetNextDesc                         0x08026d9b   Thumb Code    18  usbh_stdreq.o(.text)
    USBH_Get_CfgDesc                         0x08026ec3   Thumb Code    88  usbh_stdreq.o(.text)
    USBH_Get_StringDesc                      0x08026f51   Thumb Code    60  usbh_stdreq.o(.text)
    USBH_SetAddress                          0x08026f8d   Thumb Code    38  usbh_stdreq.o(.text)
    USBH_SetCfg                              0x08026fb3   Thumb Code    38  usbh_stdreq.o(.text)
    USBH_SetInterface                        0x08026fd9   Thumb Code    44  usbh_stdreq.o(.text)
    USBH_ClrFeature                          0x08027005   Thumb Code    76  usbh_stdreq.o(.text)
    USBH_MSC_Init                            0x0802705d   Thumb Code    44  usbh_msc_bot.o(.text)
    USBH_MSC_BOT_Abort                       0x08027089   Thumb Code    86  usbh_msc_bot.o(.text)
    USBH_MSC_DecodeCSW                       0x080270df   Thumb Code   108  usbh_msc_bot.o(.text)
    USBH_MSC_HandleBOTXfer                   0x0802714b   Thumb Code   866  usbh_msc_bot.o(.text)
    USBH_MSC_ErrorHandle                     0x080275d1   Thumb Code    58  usbh_msc_core.o(.text)
    USBH_MSC_TestUnitReady                   0x080277fd   Thumb Code   162  usbh_msc_scsi.o(.text)
    USBH_MSC_ReadCapacity10                  0x0802789f   Thumb Code   202  usbh_msc_scsi.o(.text)
    USBH_MSC_ModeSense6                      0x08027969   Thumb Code   192  usbh_msc_scsi.o(.text)
    USBH_MSC_RequestSense                    0x08027a29   Thumb Code   208  usbh_msc_scsi.o(.text)
    USBH_MSC_Write10                         0x08027af9   Thumb Code   218  usbh_msc_scsi.o(.text)
    USBH_MSC_Read10                          0x08027bd3   Thumb Code   272  usbh_msc_scsi.o(.text)
    USB_OTG_BSP_Init                         0x08027cf1   Thumb Code   112  usb_bsp.o(.text)
    USB_OTG_BSP_EnableInterrupt              0x08027d61   Thumb Code    36  usb_bsp.o(.text)
    USB_OTG_BSP_DisableInterrupt             0x08027d85   Thumb Code     2  usb_bsp.o(.text)
    USB_OTG_BSP_DriveVBUS                    0x08027d87   Thumb Code     2  usb_bsp.o(.text)
    USB_OTG_BSP_ConfigVBUS                   0x08027d89   Thumb Code     2  usb_bsp.o(.text)
    USB_OTG_BSP_uDelay                       0x08027d8b   Thumb Code    12  usb_bsp.o(.text)
    USB_OTG_BSP_mDelay                       0x08027d97   Thumb Code    12  usb_bsp.o(.text)
    OTG_FS_IRQHandler                        0x08027dad   Thumb Code    10  usbh_usr.o(.text)
    USBH_USR_Init                            0x08027db7   Thumb Code    22  usbh_usr.o(.text)
    USBH_USR_DeviceAttached                  0x08027dcd   Thumb Code    16  usbh_usr.o(.text)
    USBH_USR_DeviceDisconnected              0x08027ddd   Thumb Code    34  usbh_usr.o(.text)
    USBH_USR_ResetDevice                     0x08027dff   Thumb Code    10  usbh_usr.o(.text)
    USBH_USR_DeviceSpeedDetected             0x08027e09   Thumb Code    46  usbh_usr.o(.text)
    USBH_USR_Device_DescAvailable            0x08027e37   Thumb Code    24  usbh_usr.o(.text)
    USBH_USR_DeviceAddressAssigned           0x08027e4f   Thumb Code    10  usbh_usr.o(.text)
    USBH_USR_Configuration_DescAvailable     0x08027e59   Thumb Code    42  usbh_usr.o(.text)
    USBH_USR_Manufacturer_String             0x08027e83   Thumb Code    14  usbh_usr.o(.text)
    USBH_USR_Product_String                  0x08027e91   Thumb Code    14  usbh_usr.o(.text)
    USBH_USR_SerialNum_String                0x08027e9f   Thumb Code    14  usbh_usr.o(.text)
    USBH_USR_EnumerationDone                 0x08027ead   Thumb Code    10  usbh_usr.o(.text)
    USBH_USR_DeviceNotSupported              0x08027eb7   Thumb Code    10  usbh_usr.o(.text)
    USBH_USR_UserInput                       0x08027ec1   Thumb Code    12  usbh_usr.o(.text)
    USBH_USR_OverCurrentDetected             0x08027ecd   Thumb Code    10  usbh_usr.o(.text)
    USBH_USR_MSC_Application                 0x08027ed7   Thumb Code    56  usbh_usr.o(.text)
    USBH_USR_DeInit                          0x08027f0f   Thumb Code     8  usbh_usr.o(.text)
    USBH_USR_UnrecoveredError                0x08027f17   Thumb Code    10  usbh_usr.o(.text)
    USBH_UDISK_Status                        0x08027f21   Thumb Code    12  usbh_usr.o(.text)
    USBH_UDISK_Read                          0x08027f2d   Thumb Code    82  usbh_usr.o(.text)
    USBH_UDISK_Write                         0x08027f7f   Thumb Code    82  usbh_usr.o(.text)
    StoreCurch_Fram                          0x080281cd   Thumb Code    56  store.o(.text)
    StoreProInfo_Fram                        0x08028205   Thumb Code    24  store.o(.text)
    ReadProInfo_Fram                         0x0802821d   Thumb Code    40  store.o(.text)
    printfch                                 0x08028245   Thumb Code    76  store.o(.text)
    ReadCurch_Fram                           0x08028291   Thumb Code   146  store.o(.text)
    Initch                                   0x08028323   Thumb Code    36  store.o(.text)
    Initchexcptflg                           0x08028347   Thumb Code    78  store.o(.text)
    StoreRec                                 0x08028395   Thumb Code   310  store.o(.text)
    ReadRunPara                              0x080284cb   Thumb Code    74  store.o(.text)
    StoreRunPara                             0x08028515   Thumb Code    24  store.o(.text)
    PrintfRecord                             0x0802852d   Thumb Code   130  store.o(.text)
    printfflg                                0x080286bd   Thumb Code   120  judgepulse.o(.text)
    GetchPulseInitFlg                        0x08028735   Thumb Code    44  judgepulse.o(.text)
    JudgemultichPulse                        0x08028761   Thumb Code   676  judgepulse.o(.text)
    JudgeonechPulse                          0x08028a05   Thumb Code  2954  judgepulse.o(.text)
    JudgePulseok                             0x0802958f   Thumb Code   178  judgepulse.o(.text)
    JudgePulse                               0x08029641   Thumb Code    52  judgepulse.o(.text)
    AutoChangeCh                             0x08029675   Thumb Code  1238  judgepulse.o(.text)
    InitI2CIO                                0x08029bf5   Thumb Code     2  fram.o(.text)
    InitFramIO                               0x08029bf7   Thumb Code    40  fram.o(.text)
    WriteSCL                                 0x08029c1f   Thumb Code    68  fram.o(.text)
    ReadSCL                                  0x08029c63   Thumb Code    50  fram.o(.text)
    WriteSDA                                 0x08029c95   Thumb Code    68  fram.o(.text)
    ReadSDA                                  0x08029cd9   Thumb Code    50  fram.o(.text)
    StartI2C                                 0x08029d0b   Thumb Code    34  fram.o(.text)
    StopI2C                                  0x08029d2d   Thumb Code    34  fram.o(.text)
    MasterAckI2C                             0x08029d4f   Thumb Code    34  fram.o(.text)
    MasterNoAckI2C                           0x08029d71   Thumb Code    34  fram.o(.text)
    CheckSlaveAckI2C                         0x08029d93   Thumb Code    24  fram.o(.text)
    WriteByteWithI2C                         0x08029dab   Thumb Code    66  fram.o(.text)
    ReadByteWithI2C                          0x08029ded   Thumb Code    46  fram.o(.text)
    WriteFM24CL64                            0x08029e1b   Thumb Code   108  fram.o(.text)
    ReadFM24CL64                             0x08029e87   Thumb Code   138  fram.o(.text)
    GetCrc16Check                            0x08029f15   Thumb Code    44  crccheck.o(.text)
    GetModBusCrc16                           0x08029f41   Thumb Code    48  crccheck.o(.text)
    GetModBusCrc16Up                         0x08029f71   Thumb Code    48  crccheck.o(.text)
    GetCheckSum                              0x08029fa1   Thumb Code    32  crccheck.o(.text)
    GetCheckSumNR                            0x08029fc1   Thumb Code    40  crccheck.o(.text)
    DataPackage_CSNR                         0x08029ff5   Thumb Code   284  cnscpackdeal.o(.text)
    DataUnpack_CSNR                          0x0802a111   Thumb Code   332  cnscpackdeal.o(.text)
    UartSendRec                              0x0802a25d   Thumb Code    86  uartcon.o(.text)
    UartCodeOperate                          0x0802a2b3   Thumb Code   256  uartcon.o(.text)
    UartConTask                              0x0802a3b3   Thumb Code   132  uartcon.o(.text)
    __use_no_semihosting                     0x0802a489   Thumb Code     2  use_no_semi_2.o(.text)
    __aeabi_ldivmod                          0x0802a48b   Thumb Code     0  llsdiv.o(.text)
    _ll_sdiv                                 0x0802a48b   Thumb Code    72  llsdiv.o(.text)
    vsprintf                                 0x0802a4d5   Thumb Code    32  vsprintf.o(.text)
    __2printf                                0x0802a4f9   Thumb Code    20  __2printf.o(.text)
    __2sprintf                               0x0802a511   Thumb Code    38  __2sprintf.o(.text)
    _printf_pre_padding                      0x0802a53d   Thumb Code    44  _printf_pad.o(.text)
    _printf_post_padding                     0x0802a569   Thumb Code    34  _printf_pad.o(.text)
    _printf_str                              0x0802a58b   Thumb Code    82  _printf_str.o(.text)
    _printf_int_dec                          0x0802a5dd   Thumb Code   104  _printf_dec.o(.text)
    _printf_longlong_hex                     0x0802a655   Thumb Code    86  _printf_hex_int_ll_ptr.o(.text)
    _printf_int_hex                          0x0802a6ab   Thumb Code    28  _printf_hex_int_ll_ptr.o(.text)
    _printf_ll_hex                           0x0802a6c7   Thumb Code    12  _printf_hex_int_ll_ptr.o(.text)
    _printf_hex_ptr                          0x0802a6d3   Thumb Code    18  _printf_hex_int_ll_ptr.o(.text)
    __printf                                 0x0802a6e9   Thumb Code   388  __printf_flags_ss_wp.o(.text)
    strcpy                                   0x0802a871   Thumb Code    72  strcpy.o(.text)
    strlen                                   0x0802a8b9   Thumb Code    62  strlen.o(.text)
    strcat                                   0x0802a8f7   Thumb Code    24  strcat.o(.text)
    __aeabi_memcpy                           0x0802a90f   Thumb Code     0  rt_memcpy_v6.o(.text)
    __rt_memcpy                              0x0802a90f   Thumb Code   138  rt_memcpy_v6.o(.text)
    _memcpy_lastbytes                        0x0802a975   Thumb Code     0  rt_memcpy_v6.o(.text)
    __aeabi_memclr4                          0x0802a999   Thumb Code     0  rt_memclr_w.o(.text)
    __aeabi_memclr8                          0x0802a999   Thumb Code     0  rt_memclr_w.o(.text)
    __rt_memclr_w                            0x0802a999   Thumb Code    78  rt_memclr_w.o(.text)
    _memset_w                                0x0802a99d   Thumb Code     0  rt_memclr_w.o(.text)
    strcmp                                   0x0802a9e9   Thumb Code   128  strcmpv7m.o(.text)
    __use_two_region_memory                  0x0802aa69   Thumb Code     2  heapauxi.o(.text)
    __rt_heap_escrow$2region                 0x0802aa6b   Thumb Code     2  heapauxi.o(.text)
    __rt_heap_expand$2region                 0x0802aa6d   Thumb Code     2  heapauxi.o(.text)
    __I$use$semihosting                      0x0802aa6f   Thumb Code     0  use_no_semi.o(.text)
    __use_no_semihosting_swi                 0x0802aa6f   Thumb Code     2  use_no_semi.o(.text)
    __aeabi_uldivmod                         0x0802aa71   Thumb Code     0  lludivv7m.o(.text)
    _ll_udiv                                 0x0802aa71   Thumb Code   238  lludivv7m.o(.text)
    _printf_truncate_signed                  0x0802ab5f   Thumb Code    18  _printf_truncate.o(.text)
    _printf_truncate_unsigned                0x0802ab71   Thumb Code    18  _printf_truncate.o(.text)
    _printf_int_common                       0x0802ab83   Thumb Code   178  _printf_intcommon.o(.text)
    _printf_charcount                        0x0802ac35   Thumb Code    40  _printf_charcount.o(.text)
    _printf_char_common                      0x0802ac67   Thumb Code    32  _printf_char_common.o(.text)
    _sputc                                   0x0802ac8d   Thumb Code    10  _sputc.o(.text)
    _printf_cs_common                        0x0802ac97   Thumb Code    20  _printf_char.o(.text)
    _printf_char                             0x0802acab   Thumb Code    16  _printf_char.o(.text)
    _printf_string                           0x0802acbb   Thumb Code     8  _printf_char.o(.text)
    _printf_char_file                        0x0802acc5   Thumb Code    32  _printf_char_file.o(.text)
    _printf_wctomb                           0x0802ace9   Thumb Code   182  _printf_wctomb.o(.text)
    _printf_longlong_dec                     0x0802ada5   Thumb Code   108  _printf_longlong_dec.o(.text)
    _printf_longlong_oct                     0x0802ae21   Thumb Code    68  _printf_oct_int_ll.o(.text)
    _printf_int_oct                          0x0802ae65   Thumb Code    24  _printf_oct_int_ll.o(.text)
    _printf_ll_oct                           0x0802ae7d   Thumb Code    12  _printf_oct_int_ll.o(.text)
    __aeabi_memcpy4                          0x0802ae91   Thumb Code     0  rt_memcpy_w.o(.text)
    __aeabi_memcpy8                          0x0802ae91   Thumb Code     0  rt_memcpy_w.o(.text)
    __rt_memcpy_w                            0x0802ae91   Thumb Code   100  rt_memcpy_w.o(.text)
    _memcpy_lastbytes_aligned                0x0802aed9   Thumb Code     0  rt_memcpy_w.o(.text)
    _ll_udiv10                               0x0802aef5   Thumb Code   138  lludiv10.o(.text)
    __lib_sel_fp_printf                      0x0802af7f   Thumb Code     2  _printf_fp_dec.o(.text)
    _printf_fp_dec_real                      0x0802b12d   Thumb Code   620  _printf_fp_dec.o(.text)
    _printf_fp_hex_real                      0x0802b399   Thumb Code   754  _printf_fp_hex.o(.text)
    _printf_lcs_common                       0x0802b695   Thumb Code    20  _printf_wchar.o(.text)
    _printf_wchar                            0x0802b6a9   Thumb Code    16  _printf_wchar.o(.text)
    _printf_wstring                          0x0802b6b9   Thumb Code     8  _printf_wchar.o(.text)
    ferror                                   0x0802b6c1   Thumb Code     8  ferror.o(.text)
    _wcrtomb                                 0x0802b6c9   Thumb Code    64  _wcrtomb.o(.text)
    __user_setup_stackheap                   0x0802b709   Thumb Code    74  sys_stackheap_outer.o(.text)
    __rt_ctype_table                         0x0802b755   Thumb Code    16  rt_ctype_table.o(.text)
    __rt_locale                              0x0802b765   Thumb Code     8  rt_locale_intlibspace.o(.text)
    _printf_fp_infnan                        0x0802b76d   Thumb Code   112  _printf_fp_infnan.o(.text)
    _btod_etento                             0x0802b7ed   Thumb Code   216  bigflt0.o(.text)
    exit                                     0x0802b8c9   Thumb Code    12  exit.o(.text)
    __user_libspace                          0x0802b8d5   Thumb Code     8  libspace.o(.text)
    __user_perproc_libspace                  0x0802b8d5   Thumb Code     0  libspace.o(.text)
    __user_perthread_libspace                0x0802b8d5   Thumb Code     0  libspace.o(.text)
    _btod_d2e                                0x0802b8dd   Thumb Code    62  btod.o(CL$$btod_d2e)
    _d2e_denorm_low                          0x0802b91b   Thumb Code    70  btod.o(CL$$btod_d2e_denorm_low)
    _d2e_norm_op1                            0x0802b961   Thumb Code    96  btod.o(CL$$btod_d2e_norm_op1)
    __btod_div_common                        0x0802b9c1   Thumb Code   696  btod.o(CL$$btod_div_common)
    _e2e                                     0x0802bcf9   Thumb Code   198  btod.o(CL$$btod_e2e)
    _btod_ediv                               0x0802bdbf   Thumb Code    40  btod.o(CL$$btod_ediv)
    _btod_emul                               0x0802bde7   Thumb Code    40  btod.o(CL$$btod_emul)
    __btod_mult_common                       0x0802be0f   Thumb Code   580  btod.o(CL$$btod_mult_common)
    __ARM_fpclassify                         0x0802c053   Thumb Code    48  fpclassify.o(i.__ARM_fpclassify)
    _is_digit                                0x0802c083   Thumb Code    14  __printf_wp.o(i._is_digit)
    _get_lc_numeric                          0x0802c091   Thumb Code    44  lc_numeric_c.o(locale$$code)
    _get_lc_ctype                            0x0802c0bd   Thumb Code    44  lc_ctype_c.o(locale$$code)
    __aeabi_d2uiz                            0x0802c0e9   Thumb Code     0  dfixu.o(x$fpl$dfixu)
    _dfixu                                   0x0802c0e9   Thumb Code    90  dfixu.o(x$fpl$dfixu)
    __aeabi_ui2d                             0x0802c143   Thumb Code     0  dflt_clz.o(x$fpl$dfltu)
    _dfltu                                   0x0802c143   Thumb Code    38  dflt_clz.o(x$fpl$dfltu)
    __aeabi_dmul                             0x0802c169   Thumb Code     0  dmul.o(x$fpl$dmul)
    _dmul                                    0x0802c169   Thumb Code   332  dmul.o(x$fpl$dmul)
    __fpl_dnaninf                            0x0802c2bd   Thumb Code   156  dnaninf.o(x$fpl$dnaninf)
    __fpl_dretinf                            0x0802c359   Thumb Code    12  dretinf.o(x$fpl$dretinf)
    _fp_init                                 0x0802c365   Thumb Code    10  fpinit.o(x$fpl$fpinit)
    __fplib_config_fpu_vfp                   0x0802c36d   Thumb Code     0  fpinit.o(x$fpl$fpinit)
    __fplib_config_pureend_doubles           0x0802c36d   Thumb Code     0  fpinit.o(x$fpl$fpinit)
    _printf_fp_dec                           0x0802c36f   Thumb Code     4  printf1.o(x$fpl$printf1)
    _printf_fp_hex                           0x0802c373   Thumb Code     4  printf2.o(x$fpl$printf2)
    __I$use$fp                               0x0802c376   Number         0  usenofp.o(x$fpl$usenofp)
    asc2_1206                                0x0802c376   Data        1140  lcd.o(.constdata)
    asc2_1608                                0x0802c7ea   Data        1520  lcd.o(.constdata)
    asc2_2412                                0x0802cdda   Data        3420  lcd.o(.constdata)
    FSMC_DefaultTimingStruct                 0x0802db38   Data          28  stm32f4xx_fsmc.o(.constdata)
    memtblsize                               0x0802db54   Data          12  malloc.o(.constdata)
    memblksize                               0x0802db60   Data          12  malloc.o(.constdata)
    memsize                                  0x0802db6c   Data          12  malloc.o(.constdata)
    FILE_TYPE_TBL                            0x0802dbb4   Data         112  exfuns.o(.constdata)
    _aMaskTbl                                0x0802dfe4   Data          32  gif.o(.constdata)
    _aInterlaceOffset                        0x0802e004   Data           4  gif.o(.constdata)
    _aInterlaceYPos                          0x0802e008   Data           4  gif.o(.constdata)
    sd_crc16_table                           0x0802e4cc   Data         512  crccheck.o(.constdata)
    Region$$Table$$Base                      0x0802eb48   Number         0  anon$$obj.o(Region$$Table)
    Region$$Table$$Limit                     0x0802eb68   Number         0  anon$$obj.o(Region$$Table)
    __ctype                                  0x0802eb91   Data           0  lc_ctype_c.o(locale$$data)
    mem3base                                 0x10000000   Data       61440  malloc.o(.ARM.__AT_0x10000000)
    mem3mapbase                              0x1000f000   Data        3840  malloc.o(.ARM.__AT_0x1000F000)
    g_usbuserflg                             0x20000000   Data           1  main.o(.data)
    SystemCoreClock                          0x20000004   Data           4  system_stm32f4xx.o(.data)
    AHBPrescTable                            0x20000008   Data          16  system_stm32f4xx.o(.data)
    g_ch1outnum                              0x20000018   Data           1  led.o(.data)
    g_ch2outnum                              0x20000019   Data           1  led.o(.data)
    POINT_COLOR                              0x20000020   Data           2  lcd.o(.data)
    BACK_COLOR                               0x20000022   Data           2  lcd.o(.data)
    TransferError                            0x20000032   Data           1  sdio_sdcard.o(.data)
    TransferEnd                              0x20000033   Data           1  sdio_sdcard.o(.data)
    tempbuff                                 0x20000034   Data           4  sdio_sdcard.o(.data)
    flsherrflg                               0x20000038   Data           1  mx25l1602drv.o(.data)
    l_timeroutval                            0x20000040   Data           4  timer.o(.data)
    g_time3cnt                               0x20000048   Data           8  timer.o(.data)
    g_systime                                0x20000050   Data           8  timer.o(.data)
    __stdout                                 0x20000060   Data           4  usart.o(.data)
    USART_RX_STA                             0x20000064   Data           2  usart.o(.data)
    l_uartrectime                            0x20000068   Data           8  usart.o(.data)
    W25QXX_TYPE                              0x20000088   Data           2  w25qxx.o(.data)
    mallco_dev                               0x2000008c   Data          36  malloc.o(.data)
    sys_cmd_tab                              0x200000b0   Data          28  usmart.o(.data)
    usmart_nametab                           0x200000cc   Data         216  usmart_config.o(.data)
    usmart_dev                               0x200001a4   Data         244  usmart_config.o(.data)
    FLASH_SECTOR_COUNT                       0x20000298   Data           2  diskio.o(.data)
    file                                     0x2000029c   Data           4  exfuns.o(.data)
    ftemp                                    0x200002a0   Data           4  exfuns.o(.data)
    br                                       0x200002a4   Data           4  exfuns.o(.data)
    bw                                       0x200002a8   Data           4  exfuns.o(.data)
    fatbuf                                   0x200002ac   Data           4  exfuns.o(.data)
    gifdecoding                              0x200002b0   Data           1  gif.o(.data)
    f_jpeg                                   0x200002b4   Data           4  tjpgd.o(.data)
    jpeg_dev                                 0x200002b8   Data           4  tjpgd.o(.data)
    jpg_buffer                               0x200002bc   Data           4  tjpgd.o(.data)
    USBH_HCD_INT_cb                          0x200002c0   Data          12  usbh_core.o(.data)
    USBH_HCD_INT_fops                        0x200002cc   Data           4  usbh_core.o(.data)
    MSC_Setup                                0x200002ec   Data           8  usbh_msc_core.o(.data)
    MSCErrorCount                            0x200002f4   Data           1  usbh_msc_core.o(.data)
    USBH_MSC_cb                              0x200002f8   Data          16  usbh_msc_core.o(.data)
    USR_Callbacks                            0x20000310   Data          72  usbh_usr.o(.data)
    gs_selch                                 0x20000368   Data           8  judgepulse.o(.data)
    USB_Host                                 0x20000598   Data         148  main.o(.bss)
    USB_OTG_Core                             0x2000062c   Data        1452  main.o(.bss)
    lcddev                                   0x20000bd8   Data          14  lcd.o(.bss)
    SDIO_InitStructure                       0x20000be8   Data          24  sdio_sdcard.o(.bss)
    SDIO_CmdInitStructure                    0x20000c00   Data          20  sdio_sdcard.o(.bss)
    SDIO_DataInitStructure                   0x20000c14   Data          24  sdio_sdcard.o(.bss)
    SDCardInfo                               0x20000c50   Data          88  sdio_sdcard.o(.bss)
    SDIO_DATA_BUFFER                         0x20000ca8   Data         512  sdio_sdcard.o(.bss)
    USART_RX_BUF                             0x20000ea8   Data         200  usart.o(.bss)
    uartbuf                                  0x20000f70   Data        1024  usart.o(.bss)
    g_uart                                   0x20001370   Data          16  usart.o(.bss)
    W25QXX_BUFFER                            0x20001380   Data        4096  w25qxx.o(.bss)
    mem1base                                 0x20002380   Data       102400  malloc.o(.bss)
    mem1mapbase                              0x2001b380   Data        6400  malloc.o(.bss)
    fs                                       0x2001cc8c   Data          12  exfuns.o(.bss)
    fileinfo                                 0x2001cc98   Data          32  exfuns.o(.bss)
    dir                                      0x2001ccb8   Data          36  exfuns.o(.bss)
    ftinfo                                   0x2001ccdc   Data          33  fontupd.o(.bss)
    picinfo                                  0x2001cd00   Data          40  piclib.o(.bss)
    pic_phy                                  0x2001cd28   Data          20  piclib.o(.bss)
    USBH_CfgDesc                             0x2001cd3c   Data         512  usbh_stdreq.o(.bss)
    USBH_MSC_CBWData                         0x2001cf3c   Data          32  usbh_msc_bot.o(.bss)
    USBH_MSC_CSWData                         0x2001cf5c   Data          16  usbh_msc_bot.o(.bss)
    USBH_MSC_BOTXferParam                    0x2001cf6c   Data          16  usbh_msc_bot.o(.bss)
    MSC_Machine                              0x2001cf7c   Data          74  usbh_msc_core.o(.bss)
    USBH_MSC_Param                           0x2001cfc8   Data          16  usbh_msc_scsi.o(.bss)
    USBH_DataInBuffer                        0x2001cfd8   Data         512  usbh_msc_scsi.o(.bss)
    USBH_DataOutBuffer                       0x2001d1d8   Data         512  usbh_msc_scsi.o(.bss)
    gs_pulsech                               0x2001d3d8   Data         704  sensorpulse.o(.bss)
    gs_storepluse                            0x2001d698   Data          64  sensorpulse.o(.bss)
    gs_runpara                               0x2001d6d8   Data          16  sensorpulse.o(.bss)
    gs_proinfo                               0x2001d6e8   Data          38  sensorpulse.o(.bss)
    __libspace_start                         0x2001d710   Data          96  libspace.o(.bss)
    __temporary_stack_top$libspace           0x2001d770   Data           0  libspace.o(.bss)
    mem2base                                 0x68000000   Data       983040  malloc.o(.ARM.__AT_0x68000000)
    mem2mapbase                              0x680f0000   Data       61440  malloc.o(.ARM.__AT_0x680F0000)



==============================================================================

Memory Map of the image

  Image Entry point : 0x08010189

  Load Region LR_IROM1 (Base: 0x08010000, Size: 0x0001f22c, Max: 0x00100000, ABSOLUTE, COMPRESSED[0x0001ef30])

    Execution Region ER_IROM1 (Base: 0x08010000, Size: 0x0001ec94, Max: 0x00100000, ABSOLUTE)

    Base Addr    Size         Type   Attr      Idx    E Section Name        Object

    0x08010000   0x00000188   Data   RO          726    RESET               startup_stm32f40_41xxx.o
    0x08010188   0x00000008   Code   RO         1928  * !!!main             c_w.l(__main.o)
    0x08010190   0x00000034   Code   RO         2227    !!!scatter          c_w.l(__scatter.o)
    0x080101c4   0x0000005a   Code   RO         2225    !!dczerorl2         c_w.l(__dczerorl2.o)
    0x0801021e   0x00000002   PAD
    0x08010220   0x0000001c   Code   RO         2229    !!handler_zi        c_w.l(__scatter_zi.o)
    0x0801023c   0x00000000   Code   RO         1913    .ARM.Collect$$_printf_percent$$00000000  c_w.l(_printf_percent.o)
    0x0801023c   0x00000006   Code   RO         1972    .ARM.Collect$$_printf_percent$$00000001  c_w.l(_printf_n.o)
    0x08010242   0x00000006   Code   RO         1973    .ARM.Collect$$_printf_percent$$00000002  c_w.l(_printf_p.o)
    0x08010248   0x00000006   Code   RO         1976    .ARM.Collect$$_printf_percent$$00000003  c_w.l(_printf_f.o)
    0x0801024e   0x00000006   Code   RO         1977    .ARM.Collect$$_printf_percent$$00000004  c_w.l(_printf_e.o)
    0x08010254   0x00000006   Code   RO         1978    .ARM.Collect$$_printf_percent$$00000005  c_w.l(_printf_g.o)
    0x0801025a   0x00000006   Code   RO         1979    .ARM.Collect$$_printf_percent$$00000006  c_w.l(_printf_a.o)
    0x08010260   0x0000000a   Code   RO         1984    .ARM.Collect$$_printf_percent$$00000007  c_w.l(_printf_ll.o)
    0x0801026a   0x00000006   Code   RO         1975    .ARM.Collect$$_printf_percent$$00000008  c_w.l(_printf_i.o)
    0x08010270   0x00000006   Code   RO         1911    .ARM.Collect$$_printf_percent$$00000009  c_w.l(_printf_d.o)
    0x08010276   0x00000006   Code   RO         1912    .ARM.Collect$$_printf_percent$$0000000A  c_w.l(_printf_u.o)
    0x0801027c   0x00000006   Code   RO         1974    .ARM.Collect$$_printf_percent$$0000000B  c_w.l(_printf_o.o)
    0x08010282   0x00000006   Code   RO         1910    .ARM.Collect$$_printf_percent$$0000000C  c_w.l(_printf_x.o)
    0x08010288   0x00000006   Code   RO         1981    .ARM.Collect$$_printf_percent$$0000000D  c_w.l(_printf_lli.o)
    0x0801028e   0x00000006   Code   RO         1982    .ARM.Collect$$_printf_percent$$0000000E  c_w.l(_printf_lld.o)
    0x08010294   0x00000006   Code   RO         1983    .ARM.Collect$$_printf_percent$$0000000F  c_w.l(_printf_llu.o)
    0x0801029a   0x00000006   Code   RO         1988    .ARM.Collect$$_printf_percent$$00000010  c_w.l(_printf_llo.o)
    0x080102a0   0x00000006   Code   RO         1989    .ARM.Collect$$_printf_percent$$00000011  c_w.l(_printf_llx.o)
    0x080102a6   0x0000000a   Code   RO         1985    .ARM.Collect$$_printf_percent$$00000012  c_w.l(_printf_l.o)
    0x080102b0   0x00000006   Code   RO         1908    .ARM.Collect$$_printf_percent$$00000013  c_w.l(_printf_c.o)
    0x080102b6   0x00000006   Code   RO         1909    .ARM.Collect$$_printf_percent$$00000014  c_w.l(_printf_s.o)
    0x080102bc   0x00000006   Code   RO         1986    .ARM.Collect$$_printf_percent$$00000015  c_w.l(_printf_lc.o)
    0x080102c2   0x00000006   Code   RO         1987    .ARM.Collect$$_printf_percent$$00000016  c_w.l(_printf_ls.o)
    0x080102c8   0x00000004   Code   RO         1980    .ARM.Collect$$_printf_percent$$00000017  c_w.l(_printf_percent_end.o)
    0x080102cc   0x00000002   Code   RO         2089    .ARM.Collect$$libinit$$00000000  c_w.l(libinit.o)
    0x080102ce   0x00000004   Code   RO         2106    .ARM.Collect$$libinit$$00000001  c_w.l(libinit2.o)
    0x080102d2   0x00000000   Code   RO         2109    .ARM.Collect$$libinit$$00000004  c_w.l(libinit2.o)
    0x080102d2   0x00000000   Code   RO         2112    .ARM.Collect$$libinit$$0000000A  c_w.l(libinit2.o)
    0x080102d2   0x00000000   Code   RO         2114    .ARM.Collect$$libinit$$0000000C  c_w.l(libinit2.o)
    0x080102d2   0x00000000   Code   RO         2116    .ARM.Collect$$libinit$$0000000E  c_w.l(libinit2.o)
    0x080102d2   0x00000006   Code   RO         2117    .ARM.Collect$$libinit$$0000000F  c_w.l(libinit2.o)
    0x080102d8   0x00000000   Code   RO         2119    .ARM.Collect$$libinit$$00000011  c_w.l(libinit2.o)
    0x080102d8   0x0000000c   Code   RO         2120    .ARM.Collect$$libinit$$00000012  c_w.l(libinit2.o)
    0x080102e4   0x00000000   Code   RO         2121    .ARM.Collect$$libinit$$00000013  c_w.l(libinit2.o)
    0x080102e4   0x00000000   Code   RO         2123    .ARM.Collect$$libinit$$00000015  c_w.l(libinit2.o)
    0x080102e4   0x0000000a   Code   RO         2124    .ARM.Collect$$libinit$$00000016  c_w.l(libinit2.o)
    0x080102ee   0x00000000   Code   RO         2125    .ARM.Collect$$libinit$$00000017  c_w.l(libinit2.o)
    0x080102ee   0x00000000   Code   RO         2127    .ARM.Collect$$libinit$$00000019  c_w.l(libinit2.o)
    0x080102ee   0x00000000   Code   RO         2129    .ARM.Collect$$libinit$$0000001B  c_w.l(libinit2.o)
    0x080102ee   0x00000000   Code   RO         2131    .ARM.Collect$$libinit$$0000001D  c_w.l(libinit2.o)
    0x080102ee   0x00000000   Code   RO         2133    .ARM.Collect$$libinit$$0000001F  c_w.l(libinit2.o)
    0x080102ee   0x00000000   Code   RO         2135    .ARM.Collect$$libinit$$00000021  c_w.l(libinit2.o)
    0x080102ee   0x00000000   Code   RO         2137    .ARM.Collect$$libinit$$00000023  c_w.l(libinit2.o)
    0x080102ee   0x00000000   Code   RO         2139    .ARM.Collect$$libinit$$00000025  c_w.l(libinit2.o)
    0x080102ee   0x00000000   Code   RO         2143    .ARM.Collect$$libinit$$0000002C  c_w.l(libinit2.o)
    0x080102ee   0x00000000   Code   RO         2145    .ARM.Collect$$libinit$$0000002E  c_w.l(libinit2.o)
    0x080102ee   0x00000000   Code   RO         2147    .ARM.Collect$$libinit$$00000030  c_w.l(libinit2.o)
    0x080102ee   0x00000000   Code   RO         2149    .ARM.Collect$$libinit$$00000032  c_w.l(libinit2.o)
    0x080102ee   0x00000002   Code   RO         2150    .ARM.Collect$$libinit$$00000033  c_w.l(libinit2.o)
    0x080102f0   0x00000002   Code   RO         2178    .ARM.Collect$$libshutdown$$00000000  c_w.l(libshutdown.o)
    0x080102f2   0x00000000   Code   RO         2193    .ARM.Collect$$libshutdown$$00000003  c_w.l(libshutdown2.o)
    0x080102f2   0x00000000   Code   RO         2196    .ARM.Collect$$libshutdown$$00000006  c_w.l(libshutdown2.o)
    0x080102f2   0x00000000   Code   RO         2199    .ARM.Collect$$libshutdown$$00000009  c_w.l(libshutdown2.o)
    0x080102f2   0x00000000   Code   RO         2201    .ARM.Collect$$libshutdown$$0000000B  c_w.l(libshutdown2.o)
    0x080102f2   0x00000000   Code   RO         2204    .ARM.Collect$$libshutdown$$0000000E  c_w.l(libshutdown2.o)
    0x080102f2   0x00000002   Code   RO         2205    .ARM.Collect$$libshutdown$$0000000F  c_w.l(libshutdown2.o)
    0x080102f4   0x00000000   Code   RO         1944    .ARM.Collect$$rtentry$$00000000  c_w.l(__rtentry.o)
    0x080102f4   0x00000000   Code   RO         2006    .ARM.Collect$$rtentry$$00000002  c_w.l(__rtentry2.o)
    0x080102f4   0x00000006   Code   RO         2018    .ARM.Collect$$rtentry$$00000004  c_w.l(__rtentry4.o)
    0x080102fa   0x00000000   Code   RO         2008    .ARM.Collect$$rtentry$$00000009  c_w.l(__rtentry2.o)
    0x080102fa   0x00000004   Code   RO         2009    .ARM.Collect$$rtentry$$0000000A  c_w.l(__rtentry2.o)
    0x080102fe   0x00000000   Code   RO         2011    .ARM.Collect$$rtentry$$0000000C  c_w.l(__rtentry2.o)
    0x080102fe   0x00000008   Code   RO         2012    .ARM.Collect$$rtentry$$0000000D  c_w.l(__rtentry2.o)
    0x08010306   0x00000002   Code   RO         2097    .ARM.Collect$$rtexit$$00000000  c_w.l(rtexit.o)
    0x08010308   0x00000000   Code   RO         2152    .ARM.Collect$$rtexit$$00000002  c_w.l(rtexit2.o)
    0x08010308   0x00000004   Code   RO         2153    .ARM.Collect$$rtexit$$00000003  c_w.l(rtexit2.o)
    0x0801030c   0x00000006   Code   RO         2154    .ARM.Collect$$rtexit$$00000004  c_w.l(rtexit2.o)
    0x08010312   0x00000002   PAD
    0x08010314   0x00000010   Code   RO          673    .emb_text           sys.o
    0x08010324   0x000004dc   Code   RO            3    .text               main.o
    0x08010800   0x0000001a   Code   RO          295    .text               stm32f4xx_it.o
    0x0801081a   0x00000002   PAD
    0x0801081c   0x00000210   Code   RO          344    .text               system_stm32f4xx.o
    0x08010a2c   0x0000089c   Code   RO          370    .text               led.o
    0x080112c8   0x00004c80   Code   RO          394    .text               lcd.o
    0x08015f48   0x000004d8   Code   RO          432    .text               key.o
    0x08016420   0x00000118   Code   RO          453    .text               spi.o
    0x08016538   0x00001d60   Code   RO          476    .text               sdio_sdcard.o
    0x08018298   0x000002b0   Code   RO          530    .text               ds3231.o
    0x08018548   0x0000065c   Code   RO          551    .text               exti.o
    0x08018ba4   0x000006e0   Code   RO          575    .text               mx25l1602drv.o
    0x08019284   0x000000cc   Code   RO          625    .text               timer.o
    0x08019350   0x0000010c   Code   RO          651    .text               delay.o
    0x0801945c   0x00000334   Code   RO          691    .text               usart.o
    0x08019790   0x00000040   Code   RO          727    .text               startup_stm32f40_41xxx.o
    0x080197d0   0x000000e0   Code   RO          733    .text               misc.o
    0x080198b0   0x000003a8   Code   RO          753    .text               stm32f4xx_dma.o
    0x08019c58   0x000005c8   Code   RO          773    .text               stm32f4xx_fsmc.o
    0x0801a220   0x00000294   Code   RO          796    .text               stm32f4xx_gpio.o
    0x0801a4b4   0x0000065c   Code   RO          816    .text               stm32f4xx_rcc.o
    0x0801ab10   0x000001dc   Code   RO          838    .text               stm32f4xx_sdio.o
    0x0801acec   0x00000094   Code   RO          858    .text               stm32f4xx_syscfg.o
    0x0801ad80   0x00000454   Code   RO          878    .text               stm32f4xx_usart.o
    0x0801b1d4   0x00000480   Code   RO          898    .text               stm32f4xx_spi.o
    0x0801b654   0x00000ca2   Code   RO          918    .text               stm32f4xx_tim.o
    0x0801c2f6   0x00000002   PAD
    0x0801c2f8   0x00000110   Code   RO          938    .text               stm32f4xx_exti.o
    0x0801c408   0x00000040   Code   RO          958    .text               stm32f4xx_iwdg.o
    0x0801c448   0x00000388   Code   RO          978    .text               w25qxx.o
    0x0801c7d0   0x0000022c   Code   RO         1005    .text               malloc.o
    0x0801c9fc   0x00000c34   Code   RO         1037    .text               usmart.o
    0x0801d630   0x00000528   Code   RO         1092    .text               usmart_str.o
    0x0801db58   0x00000280   Code   RO         1112    .text               diskio.o
    0x0801ddd8   0x0000329a   Code   RO         1150    .text               ff.o
    0x08021072   0x00000002   PAD
    0x08021074   0x00000198   Code   RO         1168    .text               exfuns.o
    0x0802120c   0x00000650   Code   RO         1197    .text               fattester.o
    0x0802185c   0x000000cc   Code   RO         1220    .text               mycc936.o
    0x08021928   0x00000860   Code   RO         1293    .text               bmp.o
    0x08022188   0x00000ea0   Code   RO         1313    .text               gif.o
    0x08023028   0x000002c4   Code   RO         1340    .text               piclib.o
    0x080232ec   0x00001270   Code   RO         1366    .text               tjpgd.o
    0x0802455c   0x00000c2a   Code   RO         1406    .text               usb_core.o
    0x08025186   0x000000e4   Code   RO         1426    .text               usb_hcd.o
    0x0802526a   0x00000002   PAD
    0x0802526c   0x00000e74   Code   RO         1446    .text               usb_hcd_int.o
    0x080260e0   0x00000670   Code   RO         1466    .text               usbh_core.o
    0x08026750   0x00000186   Code   RO         1492    .text               usbh_hcs.o
    0x080268d6   0x000003a8   Code   RO         1512    .text               usbh_ioreq.o
    0x08026c7e   0x00000002   PAD
    0x08026c80   0x000003dc   Code   RO         1532    .text               usbh_stdreq.o
    0x0802705c   0x00000454   Code   RO         1559    .text               usbh_msc_bot.o
    0x080274b0   0x0000034c   Code   RO         1586    .text               usbh_msc_core.o
    0x080277fc   0x000004f4   Code   RO         1613    .text               usbh_msc_scsi.o
    0x08027cf0   0x000000bc   Code   RO         1640    .text               usb_bsp.o
    0x08027dac   0x00000420   Code   RO         1660    .text               usbh_usr.o
    0x080281cc   0x000004f0   Code   RO         1709    .text               store.o
    0x080286bc   0x00001538   Code   RO         1730    .text               judgepulse.o
    0x08029bf4   0x00000320   Code   RO         1758    .text               fram.o
    0x08029f14   0x000000e0   Code   RO         1778    .text               crccheck.o
    0x08029ff4   0x00000268   Code   RO         1802    .text               cnscpackdeal.o
    0x0802a25c   0x0000022c   Code   RO         1825    .text               uartcon.o
    0x0802a488   0x00000002   Code   RO         1845    .text               c_w.l(use_no_semi_2.o)
    0x0802a48a   0x00000048   Code   RO         1847    .text               c_w.l(llsdiv.o)
    0x0802a4d2   0x00000002   PAD
    0x0802a4d4   0x00000024   Code   RO         1849    .text               c_w.l(vsprintf.o)
    0x0802a4f8   0x00000018   Code   RO         1851    .text               c_w.l(__2printf.o)
    0x0802a510   0x0000002c   Code   RO         1853    .text               c_w.l(__2sprintf.o)
    0x0802a53c   0x0000004e   Code   RO         1861    .text               c_w.l(_printf_pad.o)
    0x0802a58a   0x00000052   Code   RO         1863    .text               c_w.l(_printf_str.o)
    0x0802a5dc   0x00000078   Code   RO         1865    .text               c_w.l(_printf_dec.o)
    0x0802a654   0x00000094   Code   RO         1885    .text               c_w.l(_printf_hex_int_ll_ptr.o)
    0x0802a6e8   0x00000188   Code   RO         1905    .text               c_w.l(__printf_flags_ss_wp.o)
    0x0802a870   0x00000048   Code   RO         1914    .text               c_w.l(strcpy.o)
    0x0802a8b8   0x0000003e   Code   RO         1916    .text               c_w.l(strlen.o)
    0x0802a8f6   0x00000018   Code   RO         1918    .text               c_w.l(strcat.o)
    0x0802a90e   0x0000008a   Code   RO         1920    .text               c_w.l(rt_memcpy_v6.o)
    0x0802a998   0x0000004e   Code   RO         1922    .text               c_w.l(rt_memclr_w.o)
    0x0802a9e6   0x00000002   PAD
    0x0802a9e8   0x00000080   Code   RO         1924    .text               c_w.l(strcmpv7m.o)
    0x0802aa68   0x00000006   Code   RO         1926    .text               c_w.l(heapauxi.o)
    0x0802aa6e   0x00000002   Code   RO         1942    .text               c_w.l(use_no_semi.o)
    0x0802aa70   0x000000ee   Code   RO         1945    .text               c_w.l(lludivv7m.o)
    0x0802ab5e   0x00000024   Code   RO         1947    .text               c_w.l(_printf_truncate.o)
    0x0802ab82   0x000000b2   Code   RO         1949    .text               c_w.l(_printf_intcommon.o)
    0x0802ac34   0x00000028   Code   RO         1951    .text               c_w.l(_printf_charcount.o)
    0x0802ac5c   0x00000030   Code   RO         1953    .text               c_w.l(_printf_char_common.o)
    0x0802ac8c   0x0000000a   Code   RO         1955    .text               c_w.l(_sputc.o)
    0x0802ac96   0x0000002c   Code   RO         1957    .text               c_w.l(_printf_char.o)
    0x0802acc2   0x00000002   PAD
    0x0802acc4   0x00000024   Code   RO         1959    .text               c_w.l(_printf_char_file.o)
    0x0802ace8   0x000000bc   Code   RO         1961    .text               c_w.l(_printf_wctomb.o)
    0x0802ada4   0x0000007c   Code   RO         1964    .text               c_w.l(_printf_longlong_dec.o)
    0x0802ae20   0x00000070   Code   RO         1970    .text               c_w.l(_printf_oct_int_ll.o)
    0x0802ae90   0x00000064   Code   RO         1990    .text               c_w.l(rt_memcpy_w.o)
    0x0802aef4   0x0000008a   Code   RO         2024    .text               c_w.l(lludiv10.o)
    0x0802af7e   0x0000041a   Code   RO         2026    .text               c_w.l(_printf_fp_dec.o)
    0x0802b398   0x000002fc   Code   RO         2028    .text               c_w.l(_printf_fp_hex.o)
    0x0802b694   0x0000002c   Code   RO         2033    .text               c_w.l(_printf_wchar.o)
    0x0802b6c0   0x00000008   Code   RO         2035    .text               c_w.l(ferror.o)
    0x0802b6c8   0x00000040   Code   RO         2039    .text               c_w.l(_wcrtomb.o)
    0x0802b708   0x0000004a   Code   RO         2041    .text               c_w.l(sys_stackheap_outer.o)
    0x0802b752   0x00000002   PAD
    0x0802b754   0x00000010   Code   RO         2043    .text               c_w.l(rt_ctype_table.o)
    0x0802b764   0x00000008   Code   RO         2050    .text               c_w.l(rt_locale_intlibspace.o)
    0x0802b76c   0x00000080   Code   RO         2052    .text               c_w.l(_printf_fp_infnan.o)
    0x0802b7ec   0x000000dc   Code   RO         2054    .text               c_w.l(bigflt0.o)
    0x0802b8c8   0x0000000c   Code   RO         2082    .text               c_w.l(exit.o)
    0x0802b8d4   0x00000008   Code   RO         2094    .text               c_w.l(libspace.o)
    0x0802b8dc   0x0000003e   Code   RO         2057    CL$$btod_d2e        c_w.l(btod.o)
    0x0802b91a   0x00000046   Code   RO         2059    CL$$btod_d2e_denorm_low  c_w.l(btod.o)
    0x0802b960   0x00000060   Code   RO         2058    CL$$btod_d2e_norm_op1  c_w.l(btod.o)
    0x0802b9c0   0x00000338   Code   RO         2067    CL$$btod_div_common  c_w.l(btod.o)
    0x0802bcf8   0x000000c6   Code   RO         2064    CL$$btod_e2e        c_w.l(btod.o)
    0x0802bdbe   0x00000028   Code   RO         2061    CL$$btod_ediv       c_w.l(btod.o)
    0x0802bde6   0x00000028   Code   RO         2060    CL$$btod_emul       c_w.l(btod.o)
    0x0802be0e   0x00000244   Code   RO         2066    CL$$btod_mult_common  c_w.l(btod.o)
    0x0802c052   0x00000030   Code   RO         2092    i.__ARM_fpclassify  m_wm.l(fpclassify.o)
    0x0802c082   0x0000000e   Code   RO         1898    i._is_digit         c_w.l(__printf_wp.o)
    0x0802c090   0x0000002c   Code   RO         2080    locale$$code        c_w.l(lc_numeric_c.o)
    0x0802c0bc   0x0000002c   Code   RO         2100    locale$$code        c_w.l(lc_ctype_c.o)
    0x0802c0e8   0x0000005a   Code   RO         1930    x$fpl$dfixu         fz_wm.l(dfixu.o)
    0x0802c142   0x00000026   Code   RO         1934    x$fpl$dfltu         fz_wm.l(dflt_clz.o)
    0x0802c168   0x00000154   Code   RO         1940    x$fpl$dmul          fz_wm.l(dmul.o)
    0x0802c2bc   0x0000009c   Code   RO         1992    x$fpl$dnaninf       fz_wm.l(dnaninf.o)
    0x0802c358   0x0000000c   Code   RO         1994    x$fpl$dretinf       fz_wm.l(dretinf.o)
    0x0802c364   0x0000000a   Code   RO         2166    x$fpl$fpinit        fz_wm.l(fpinit.o)
    0x0802c36e   0x00000004   Code   RO         1996    x$fpl$printf1       fz_wm.l(printf1.o)
    0x0802c372   0x00000004   Code   RO         1998    x$fpl$printf2       fz_wm.l(printf2.o)
    0x0802c376   0x00000000   Code   RO         2004    x$fpl$usenofp       fz_wm.l(usenofp.o)
    0x0802c376   0x000017c0   Data   RO          396    .constdata          lcd.o
    0x0802db36   0x00000002   PAD
    0x0802db38   0x0000001c   Data   RO          774    .constdata          stm32f4xx_fsmc.o
    0x0802db54   0x00000024   Data   RO         1011    .constdata          malloc.o
    0x0802db78   0x0000003a   Data   RO         1152    .constdata          ff.o
    0x0802dbb2   0x00000002   PAD
    0x0802dbb4   0x00000070   Data   RO         1170    .constdata          exfuns.o
    0x0802dc24   0x000003c0   Data   RO         1221    .constdata          mycc936.o
    0x0802dfe4   0x00000028   Data   RO         1314    .constdata          gif.o
    0x0802e00c   0x000004c0   Data   RO         1367    .constdata          tjpgd.o
    0x0802e4cc   0x00000200   Data   RO         1779    .constdata          crccheck.o
    0x0802e6cc   0x00000028   Data   RO         1886    .constdata          c_w.l(_printf_hex_int_ll_ptr.o)
    0x0802e6f4   0x00000011   Data   RO         1906    .constdata          c_w.l(__printf_flags_ss_wp.o)
    0x0802e705   0x00000003   PAD
    0x0802e708   0x00000008   Data   RO         1962    .constdata          c_w.l(_printf_wctomb.o)
    0x0802e710   0x00000026   Data   RO         2029    .constdata          c_w.l(_printf_fp_hex.o)
    0x0802e736   0x00000002   PAD
    0x0802e738   0x00000094   Data   RO         2055    .constdata          c_w.l(bigflt0.o)
    0x0802e7cc   0x00000028   Data   RO         1038    .conststring        usmart.o
    0x0802e7f4   0x0000030d   Data   RO         1061    .conststring        usmart_config.o
    0x0802eb01   0x00000003   PAD
    0x0802eb04   0x00000044   Data   RO         1171    .conststring        exfuns.o
    0x0802eb48   0x00000020   Data   RO         2223    Region$$Table       anon$$obj.o
    0x0802eb68   0x0000001c   Data   RO         2079    locale$$data        c_w.l(lc_numeric_c.o)
    0x0802eb84   0x00000110   Data   RO         2099    locale$$data        c_w.l(lc_ctype_c.o)


    Execution Region RW_IRAM1 (Base: 0x20000000, Size: 0x0001dd70, Max: 0x00020000, ABSOLUTE, COMPRESSED[0x0000029c])

    Base Addr    Size         Type   Attr      Idx    E Section Name        Object

    0x20000000   0x00000001   Data   RW            5    .data               main.o
    0x20000001   0x00000003   PAD
    0x20000004   0x00000014   Data   RW          345    .data               system_stm32f4xx.o
    0x20000018   0x00000008   Data   RW          371    .data               led.o
    0x20000020   0x00000004   Data   RW          397    .data               lcd.o
    0x20000024   0x00000003   Data   RW          433    .data               key.o
    0x20000027   0x00000001   PAD
    0x20000028   0x00000010   Data   RW          478    .data               sdio_sdcard.o
    0x20000038   0x00000001   Data   RW          576    .data               mx25l1602drv.o
    0x20000039   0x00000007   PAD
    0x20000040   0x00000018   Data   RW          626    .data               timer.o
    0x20000058   0x00000004   Data   RW          652    .data               delay.o
    0x2000005c   0x00000004   PAD
    0x20000060   0x00000018   Data   RW          693    .data               usart.o
    0x20000078   0x00000010   Data   RW          817    .data               stm32f4xx_rcc.o
    0x20000088   0x00000002   Data   RW          980    .data               w25qxx.o
    0x2000008a   0x00000002   PAD
    0x2000008c   0x00000024   Data   RW         1012    .data               malloc.o
    0x200000b0   0x0000001c   Data   RW         1039    .data               usmart.o
    0x200000cc   0x000001cc   Data   RW         1062    .data               usmart_config.o
    0x20000298   0x00000002   Data   RW         1113    .data               diskio.o
    0x2000029a   0x00000002   Data   RW         1153    .data               ff.o
    0x2000029c   0x00000014   Data   RW         1172    .data               exfuns.o
    0x200002b0   0x00000001   Data   RW         1315    .data               gif.o
    0x200002b1   0x00000003   PAD
    0x200002b4   0x0000000c   Data   RW         1368    .data               tjpgd.o
    0x200002c0   0x00000012   Data   RW         1467    .data               usbh_core.o
    0x200002d2   0x00000003   Data   RW         1534    .data               usbh_stdreq.o
    0x200002d5   0x00000003   PAD
    0x200002d8   0x00000011   Data   RW         1561    .data               usbh_msc_bot.o
    0x200002e9   0x00000003   PAD
    0x200002ec   0x0000001d   Data   RW         1588    .data               usbh_msc_core.o
    0x20000309   0x00000001   Data   RW         1615    .data               usbh_msc_scsi.o
    0x2000030a   0x00000002   PAD
    0x2000030c   0x0000004c   Data   RW         1661    .data               usbh_usr.o
    0x20000358   0x00000004   Data   RW         1710    .data               store.o
    0x2000035c   0x00000004   PAD
    0x20000360   0x00000038   Data   RW         1731    .data               judgepulse.o
    0x20000398   0x00000200   Data   RW         1780    .data               crccheck.o
    0x20000598   0x00000640   Zero   RW            4    .bss                main.o
    0x20000bd8   0x0000000e   Zero   RW          395    .bss                lcd.o
    0x20000be6   0x00000002   PAD
    0x20000be8   0x000002c0   Zero   RW          477    .bss                sdio_sdcard.o
    0x20000ea8   0x000004d8   Zero   RW          692    .bss                usart.o
    0x20001380   0x00001000   Zero   RW          979    .bss                w25qxx.o
    0x20002380   0x0001a900   Zero   RW         1010    .bss                malloc.o
    0x2001cc80   0x0000000c   Zero   RW         1151    .bss                ff.o
    0x2001cc8c   0x00000050   Zero   RW         1169    .bss                exfuns.o
    0x2001ccdc   0x00000021   Zero   RW         1242    .bss                fontupd.o
    0x2001ccfd   0x00000003   PAD
    0x2001cd00   0x0000003c   Zero   RW         1341    .bss                piclib.o
    0x2001cd3c   0x00000200   Zero   RW         1533    .bss                usbh_stdreq.o
    0x2001cf3c   0x00000040   Zero   RW         1560    .bss                usbh_msc_bot.o
    0x2001cf7c   0x0000004a   Zero   RW         1587    .bss                usbh_msc_core.o
    0x2001cfc6   0x00000002   PAD
    0x2001cfc8   0x00000410   Zero   RW         1614    .bss                usbh_msc_scsi.o
    0x2001d3d8   0x00000336   Zero   RW         1688    .bss                sensorpulse.o
    0x2001d70e   0x00000002   PAD
    0x2001d710   0x00000060   Zero   RW         2095    .bss                c_w.l(libspace.o)
    0x2001d770   0x00000200   Zero   RW          725    HEAP                startup_stm32f40_41xxx.o
    0x2001d970   0x00000400   Zero   RW          724    STACK               startup_stm32f40_41xxx.o



  Load Region LR$$.ARM.__AT_0x10000000 (Base: 0x10000000, Size: 0x00000000, Max: 0x0000f000, ABSOLUTE)

    Execution Region ER$$.ARM.__AT_0x10000000 (Base: 0x10000000, Size: 0x0000f000, Max: 0x0000f000, ABSOLUTE, UNINIT)

    Base Addr    Size         Type   Attr      Idx    E Section Name        Object

    0x10000000   0x0000f000   Zero   RW         1006    .ARM.__AT_0x10000000  malloc.o



  Load Region LR$$.ARM.__AT_0x1000F000 (Base: 0x1000f000, Size: 0x00000000, Max: 0x00000f00, ABSOLUTE)

    Execution Region ER$$.ARM.__AT_0x1000F000 (Base: 0x1000f000, Size: 0x00000f00, Max: 0x00000f00, ABSOLUTE, UNINIT)

    Base Addr    Size         Type   Attr      Idx    E Section Name        Object

    0x1000f000   0x00000f00   Zero   RW         1007    .ARM.__AT_0x1000F000  malloc.o



  Load Region LR$$.ARM.__AT_0x68000000 (Base: 0x68000000, Size: 0x00000000, Max: 0x000f0000, ABSOLUTE)

    Execution Region ER$$.ARM.__AT_0x68000000 (Base: 0x68000000, Size: 0x000f0000, Max: 0x000f0000, ABSOLUTE, UNINIT)

    Base Addr    Size         Type   Attr      Idx    E Section Name        Object

    0x68000000   0x000f0000   Zero   RW         1008    .ARM.__AT_0x68000000  malloc.o



  Load Region LR$$.ARM.__AT_0x680F0000 (Base: 0x680f0000, Size: 0x00000000, Max: 0x0000f000, ABSOLUTE)

    Execution Region ER$$.ARM.__AT_0x680F0000 (Base: 0x680f0000, Size: 0x0000f000, Max: 0x0000f000, ABSOLUTE, UNINIT)

    Base Addr    Size         Type   Attr      Idx    E Section Name        Object

    0x680f0000   0x0000f000   Zero   RW         1009    .ARM.__AT_0x680F0000  malloc.o


==============================================================================

Image component sizes


      Code (inc. data)   RO Data    RW Data    ZI Data      Debug   Object Name

      2144         24          0          0          0       5134   bmp.o
       616          0          0          0          0       2903   cnscpackdeal.o
       224         12        512        512          0       2571   crccheck.o
       268         10          0          4          0       1453   delay.o
       640         12          0          2          0      12134   diskio.o
       688         80          0          0          0       3479   ds3231.o
       408         22        180         20         80       2716   exfuns.o
      1628         50          0          0          0       2012   exti.o
      1616        604          0          0          0       5644   fattester.o
     12954        136         58          2         12      34170   ff.o
         0          0          0          0         33       1405   fontupd.o
       800          4          0          0          0       4191   fram.o
      3744         24         40          1          0       9946   gif.o
      5432        700          0         56          0       7577   judgepulse.o
      1240        128          0          3          0       2720   key.o
     19584        174       6080          4         14      22234   lcd.o
      2204        174          0          8          0       4104   led.o
      1244        190          0          1       1600     357501   main.o
       556         18         36         36    1218560       4813   malloc.o
       224         20          0          0          0       1801   misc.o
      1760         68          0          1          0       7516   mx25l1602drv.o
       204         12        960          0          0       1633   mycc936.o
       708         34          0          0         60       4635   piclib.o
      7520        282          0         16        704      24937   sdio_sdcard.o
         0          0          0          0        822       2556   sensorpulse.o
       280          8          0          0          0       1049   spi.o
        64         26        392          0       1536        824   startup_stm32f40_41xxx.o
       936         32          0          0          0       6281   stm32f4xx_dma.o
       272         10          0          0          0       2247   stm32f4xx_exti.o
      1480         18         28          0          0       5590   stm32f4xx_fsmc.o
       660         44          0          0          0       4081   stm32f4xx_gpio.o
        26          0          0          0          0       1214   stm32f4xx_it.o
        64          6          0          0          0       1325   stm32f4xx_iwdg.o
      1628         52          0         16          0      12856   stm32f4xx_rcc.o
       476         16          0          0          0       7372   stm32f4xx_sdio.o
      1152         36          0          0          0       6829   stm32f4xx_spi.o
       148         12          0          0          0       1837   stm32f4xx_syscfg.o
      3234         60          0          0          0      22284   stm32f4xx_tim.o
      1108         34          0          0          0       7780   stm32f4xx_usart.o
      1264        270          0          4          0       2846   store.o
        16          0          0          0          0        476   sys.o
       528         48          0         20          0       1759   system_stm32f4xx.o
       204         12          0         24          0       1272   timer.o
      4720         70       1216         12          0      16867   tjpgd.o
       556         82          0          0          0       1682   uartcon.o
       820         40          0         24       1240       6170   usart.o
       188         10          0          0          0       2307   usb_bsp.o
      3114         10          0          0          0      10054   usb_core.o
       228          0          0          0          0       3164   usb_hcd.o
      3700         10          0          0          0       6643   usb_hcd_int.o
      1648         42          0         18          0       5995   usbh_core.o
       390          0          0          0          0       2636   usbh_hcs.o
       936          0          0          0          0       4376   usbh_ioreq.o
      1108         68          0         17         64       5503   usbh_msc_bot.o
       844         28          0         29         74       4205   usbh_msc_core.o
      1268         40          0          1       1040       5182   usbh_msc_scsi.o
       988         12          0          3        512       5861   usbh_stdreq.o
      1056        508          0         76          0       5317   usbh_usr.o
      3124       1286         40         28          0       4342   usmart.o
         0          0        781        460          0       4032   usmart_config.o
      1320         12          0          0          0       5149   usmart_str.o
       904         34          0          2       4096       4317   w25qxx.o

    ----------------------------------------------------------------------
    106868       5714      10362       1432    1230456     721509   Object Totals
         0          0         32          0          0          0   (incl. Generated)
        10          0          7         32          9          0   (incl. Padding)

    ----------------------------------------------------------------------

      Code (inc. data)   RO Data    RW Data    ZI Data      Debug   Library Member Name

        24          4          0          0          0         84   __2printf.o
        44          6          0          0          0         84   __2sprintf.o
        90          0          0          0          0          0   __dczerorl2.o
         8          0          0          0          0         68   __main.o
       392          4         17          0          0         92   __printf_flags_ss_wp.o
        14          0          0          0          0         68   __printf_wp.o
         0          0          0          0          0          0   __rtentry.o
        12          0          0          0          0          0   __rtentry2.o
         6          0          0          0          0          0   __rtentry4.o
        52          8          0          0          0          0   __scatter.o
        28          0          0          0          0          0   __scatter_zi.o
         6          0          0          0          0          0   _printf_a.o
         6          0          0          0          0          0   _printf_c.o
        44          0          0          0          0        108   _printf_char.o
        48          6          0          0          0         96   _printf_char_common.o
        36          4          0          0          0         80   _printf_char_file.o
        40          0          0          0          0         68   _printf_charcount.o
         6          0          0          0          0          0   _printf_d.o
       120         16          0          0          0         92   _printf_dec.o
         6          0          0          0          0          0   _printf_e.o
         6          0          0          0          0          0   _printf_f.o
      1050          0          0          0          0        216   _printf_fp_dec.o
       764         10         38          0          0        100   _printf_fp_hex.o
       128         16          0          0          0         84   _printf_fp_infnan.o
         6          0          0          0          0          0   _printf_g.o
       148          4         40          0          0        160   _printf_hex_int_ll_ptr.o
         6          0          0          0          0          0   _printf_i.o
       178          0          0          0          0         88   _printf_intcommon.o
        10          0          0          0          0          0   _printf_l.o
         6          0          0          0          0          0   _printf_lc.o
        10          0          0          0          0          0   _printf_ll.o
         6          0          0          0          0          0   _printf_lld.o
         6          0          0          0          0          0   _printf_lli.o
         6          0          0          0          0          0   _printf_llo.o
         6          0          0          0          0          0   _printf_llu.o
         6          0          0          0          0          0   _printf_llx.o
       124         16          0          0          0         92   _printf_longlong_dec.o
         6          0          0          0          0          0   _printf_ls.o
         6          0          0          0          0          0   _printf_n.o
         6          0          0          0          0          0   _printf_o.o
       112          8          0          0          0        124   _printf_oct_int_ll.o
         6          0          0          0          0          0   _printf_p.o
        78          0          0          0          0        108   _printf_pad.o
         0          0          0          0          0          0   _printf_percent.o
         4          0          0          0          0          0   _printf_percent_end.o
         6          0          0          0          0          0   _printf_s.o
        82          0          0          0          0         80   _printf_str.o
        36          0          0          0          0         84   _printf_truncate.o
         6          0          0          0          0          0   _printf_u.o
        44          0          0          0          0        108   _printf_wchar.o
       188          6          8          0          0         92   _printf_wctomb.o
         6          0          0          0          0          0   _printf_x.o
        10          0          0          0          0         68   _sputc.o
        64          0          0          0          0         92   _wcrtomb.o
       220          4        148          0          0         96   bigflt0.o
      1910        128          0          0          0        672   btod.o
        12          0          0          0          0         72   exit.o
         8          0          0          0          0         68   ferror.o
         6          0          0          0          0        152   heapauxi.o
        44         10        272          0          0         76   lc_ctype_c.o
        44         10         28          0          0         76   lc_numeric_c.o
         2          0          0          0          0          0   libinit.o
        34          0          0          0          0          0   libinit2.o
         2          0          0          0          0          0   libshutdown.o
         2          0          0          0          0          0   libshutdown2.o
         8          4          0          0         96         68   libspace.o
        72          0          0          0          0         76   llsdiv.o
       138          0          0          0          0         80   lludiv10.o
       238          0          0          0          0        100   lludivv7m.o
        16          4          0          0          0         76   rt_ctype_table.o
         8          4          0          0          0         68   rt_locale_intlibspace.o
        78          0          0          0          0         80   rt_memclr_w.o
       138          0          0          0          0         68   rt_memcpy_v6.o
       100          0          0          0          0         80   rt_memcpy_w.o
         2          0          0          0          0          0   rtexit.o
        10          0          0          0          0          0   rtexit2.o
        24          0          0          0          0         68   strcat.o
       128          0          0          0          0         68   strcmpv7m.o
        72          0          0          0          0         80   strcpy.o
        62          0          0          0          0         76   strlen.o
        74          0          0          0          0         80   sys_stackheap_outer.o
         2          0          0          0          0         68   use_no_semi.o
         2          0          0          0          0         68   use_no_semi_2.o
        36          4          0          0          0         76   vsprintf.o
        90          4          0          0          0        140   dfixu.o
        38          0          0          0          0        116   dflt_clz.o
       340         12          0          0          0        152   dmul.o
       156          4          0          0          0        140   dnaninf.o
        12          0          0          0          0        116   dretinf.o
        10          0          0          0          0        116   fpinit.o
         4          0          0          0          0        116   printf1.o
         4          0          0          0          0        116   printf2.o
         0          0          0          0          0          0   usenofp.o
        48          0          0          0          0        124   fpclassify.o

    ----------------------------------------------------------------------
      8314        296        556          0         96       5964   Library Totals
        12          0          5          0          0          0   (incl. Padding)

    ----------------------------------------------------------------------

      Code (inc. data)   RO Data    RW Data    ZI Data      Debug   Library Name

      7600        276        551          0         96       4828   c_w.l
       654         20          0          0          0       1012   fz_wm.l
        48          0          0          0          0        124   m_wm.l

    ----------------------------------------------------------------------
      8314        296        556          0         96       5964   Library Totals

    ----------------------------------------------------------------------

==============================================================================


      Code (inc. data)   RO Data    RW Data    ZI Data      Debug   

    115182       6010      10918       1432    1230552     711269   Grand Totals
    115182       6010      10918        668    1230552     711269   ELF Image Totals (compressed)
    115182       6010      10918        668          0          0   ROM Totals

==============================================================================

    Total RO  Size (Code + RO Data)               126100 ( 123.14kB)
    Total RW  Size (RW Data + ZI Data)           1231984 (1203.11kB)
    Total ROM Size (Code + RO Data + RW Data)     126768 ( 123.80kB)

==============================================================================

